// 重构日志: bbbcaf41
// 重构日志: c0c03c0b
// 重构日志: 5c082e36
// 重构日志: 6e035eb2
// 重构日志: 0cd9c6d2
// 重构日志: 790797c4
// 重构日志: 4bbbae78
// 重构日志: 950cee3a
// 重构日志: 0c73c2ef
// 重构日志: d1f7fb7a
// 重构日志: 1db957e7
// 同步 ID: 3d2bc2d1 @ Fri Jul 17 12:52:40 UTC 2026
// 重构日志: db376691
// 同步 ID: 177ca5d7 @ Sat Jul 18 18:14:51 UTC 2026
// 同步 ID: 3fed8bc7 @ Mon Jul 20 21:34:01 UTC 2026
// 同步 ID: 73044c51 @ Tue Jul 21 16:51:52 UTC 2026
// 重构日志: fdb27b95
// 同步 ID: ce3f7f34 @ Fri Jul 24 09:39:31 UTC 2026
// 重构日志: 675b4e8d
// 同步 ID: 35d5f724 @ Tue Jul 28 20:56:09 UTC 2026
// 重构日志: e4352913
// 重构日志: 7d1d3671
// 同步 ID: 7a866996 @ Tue Aug  4 11:41:14 UTC 2026
// 同步 ID: 8c73c22d @ Tue Aug  4 13:28:49 UTC 2026
// 重构日志: e48fd7e7
// 重构日志: a12320ab
// 重构日志: b21c5d01
// 重构日志: d09ec8f3
// 重构日志: 554e35fa
// 同步 ID: 8de56bcb @ Fri Aug  7 17:08:20 UTC 2026
